Franco@DESKTOP-ARFEDUL MINGW32 ~
$ cd desktop/FrancoJs/EstudioPractico

Franco@DESKTOP-ARFEDUL MINGW32 ~/desktop/FrancoJs/EstudioPractico (master)
$ git status
On branch master
Your branch is up to date with 'origin/master'.

Changes to be committed:
  (use "git reset HEAD <file>..." to unstage)

        new file:   HolaMundo.java


Franco@DESKTOP-ARFEDUL MINGW32 ~/desktop/FrancoJs/EstudioPractico (master)
$ git commit -m 'Añadido archivo HolaMundo.java'

*** Please tell me who you are.

Run

  git config --global user.email "you@example.com"
  git config --global user.name "Your Name"

to set your account's default identity.
Omit --global to set the identity only in this repository.

fatal: unable to auto-detect email address (got 'Franco@DESKTOP-ARFEDUL.(none)')

Franco@DESKTOP-ARFEDUL MINGW32 ~/desktop/FrancoJs/EstudioPractico (master)
$ git config --global user.email "harodi316@gmail.com"

Franco@DESKTOP-ARFEDUL MINGW32 ~/desktop/FrancoJs/EstudioPractico (master)
$ git config --global user.name "FrancoArce"

Franco@DESKTOP-ARFEDUL MINGW32 ~/desktop/FrancoJs/EstudioPractico (master)
$  git commit -m 'Añadido archivo HolaMundo.java'
[master 76c9e2c] Añadido archivo HolaMundo.java
 1 file changed, 0 insertions(+), 0 deletions(-)
 create mode 100644 HolaMundo.java

Franco@DESKTOP-ARFEDUL MINGW32 ~/desktop/FrancoJs/EstudioPractico (master)
$ git push
Enumerating objects: 4, done.
Counting objects: 100% (4/4), done.
Delta compression using up to 4 threads.
Compressing objects: 100% (2/2), done.
Writing objects: 100% (3/3), 301 bytes | 301.00 KiB/s, done.
Total 3 (delta 0), reused 0 (delta 0)
To https://github.com/francoArce/EstudioPractico.git
   236b61e..76c9e2c  master -> master

---------------------------------------

Franco@DESKTOP-ARFEDUL MINGW32 ~/desktop/FrancoJs/EstudioPractico (master)
$ git add . --all

Franco@DESKTOP-ARFEDUL MINGW32 ~/desktop/FrancoJs/EstudioPractico (master)
$ git commit -m "Se añadió´codigo a fichero HolaMundo"
[master aaff476] Se añadió´codigo a fichero HolaMundo
 1 file changed, 10 insertions(+)

Franco@DESKTOP-ARFEDUL MINGW32 ~/desktop/FrancoJs/EstudioPractico (master)
$ git push
Enumerating objects: 5, done.
Counting objects: 100% (5/5), done.
Delta compression using up to 4 threads.
Compressing objects: 100% (3/3), done.
Writing objects: 100% (3/3), 446 bytes | 446.00 KiB/s, done.
Total 3 (delta 0), reused 0 (delta 0)
To https://github.com/francoArce/EstudioPractico.git
   76c9e2c..aaff476  master -> master
